21:46:18 **** Incremental Build of configuration Binary for project app2 ****
make -j12 all 
arm-none-eabi-gcc "../Core/Src/main.c" -mcpu=cortex-m4 -std=gnu11 -DUSE_HAL_DRIVER -DSTM32L476xx -c -I../Core/Inc -I../Drivers/STM32L4xx_HAL_Driver/Inc -I../Drivers/STM32L4xx_HAL_Driver/Inc/Legacy -I../Drivers/CMSIS/Device/ST/STM32L4xx/Include -I../Drivers/CMSIS/Include -Os -ffunction-sections -fdata-sections -Wall -fstack-usage -fcyclomatic-complexity -MMD -MP -MF"Core/Src/main.d" -MT"Core/Src/main.o" --specs=nano.specs -mfpu=fpv4-sp-d16 -mfloat-abi=hard -mthumb -o "Core/Src/main.o"
../Core/Src/main.c: In function 'main':
../Core/Src/main.c:103:36: warning: pointer targets in passing argument 2 of 'HAL_UART_Transmit' differ in signedness [-Wpointer-sign]
  103 |         HAL_UART_Transmit(&huart2, my_str, sizeof(my_str), 100);
      |                                    ^~~~~~
      |                                    |
      |                                    char *
In file included from ../Core/Inc/stm32l4xx_hal_conf.h:450,
                 from ../Drivers/STM32L4xx_HAL_Driver/Inc/stm32l4xx_hal.h:29,
                 from ../Core/Inc/main.h:30,
                 from ../Core/Src/main.c:20:
../Drivers/STM32L4xx_HAL_Driver/Inc/stm32l4xx_hal_uart.h:1696:79: note: expected 'const uint8_t *' {aka 'const unsigned char *'} but argument is of type 'char *'
 1696 | HAL_StatusTypeDef HAL_UART_Transmit(UART_HandleTypeDef *huart, const uint8_t *pData, uint16_t Size, uint32_t Timeout);
      |                                                                ~~~~~~~~~~~~~~~^~~~~
arm-none-eabi-gcc -o "app2.elf" @"objects.list"   -mcpu=cortex-m4 -T"/home/moonflax/Coding/stm32_bootloader/workspace/app2/STM32L476RGTX_FLASH.ld" --specs=nosys.specs -Wl,-Map="app2.map" -Wl,--gc-sections -static --specs=nano.specs -mfpu=fpv4-sp-d16 -mfloat-abi=hard -mthumb -Wl,--start-group -lc -lm -Wl,--end-group
Finished building target: app2.elf
 
arm-none-eabi-size  app2.elf 
arm-none-eabi-objdump -h -S app2.elf  > "app2.list"
arm-none-eabi-objcopy  -O ihex app2.elf  "app2.hex"
arm-none-eabi-objcopy  -O binary app2.elf  "app2.bin"
   text	   data	    bss	    dec	    hex	filename
   7976	     12	   1708	   9696	   25e0	app2.elf
Finished building: default.size.stdout
 
Finished building: app2.bin
Finished building: app2.hex
 
 
Finished building: app2.list
 

21:46:18 Build Finished. 0 errors, 1 warnings. (took 240ms)

