01:35:16 **** Incremental Build of configuration Debug for project stm32_bootloader ****
make -j12 all 
arm-none-eabi-gcc "../Core/Src/main.c" -mcpu=cortex-m4 -std=gnu11 -g3 -DDEBUG -DUSE_HAL_DRIVER -DSTM32L476xx -c -I../Core/Inc -I../Drivers/STM32L4xx_HAL_Driver/Inc -I../Drivers/STM32L4xx_HAL_Driver/Inc/Legacy -I../Drivers/CMSIS/Device/ST/STM32L4xx/Include -I../Drivers/CMSIS/Include -O0 -ffunction-sections -fdata-sections -Wall -fstack-usage -fcyclomatic-complexity -MMD -MP -MF"Core/Src/main.d" -MT"Core/Src/main.o" --specs=nano.specs -mfpu=fpv4-sp-d16 -mfloat-abi=hard -mthumb -o "Core/Src/main.o"
../Core/Src/main.c: In function 'main':
../Core/Src/main.c:142:51: warning: pointer targets in passing argument 2 of 'HAL_UART_Receive' differ in signedness [-Wpointer-sign]
  142 |                         HAL_UART_Receive(&huart2, rx_cmd, 2, -1);
      |                                                   ^~~~~~
      |                                                   |
      |                                                   char *
In file included from ../Core/Inc/stm32l4xx_hal_conf.h:450,
                 from ../Drivers/STM32L4xx_HAL_Driver/Inc/stm32l4xx_hal.h:29,
                 from ../Core/Inc/main.h:30,
                 from ../Core/Src/main.c:20:
../Drivers/STM32L4xx_HAL_Driver/Inc/stm32l4xx_hal_uart.h:1697:72: note: expected 'uint8_t *' {aka 'unsigned char *'} but argument is of type 'char *'
 1697 | HAL_StatusTypeDef HAL_UART_Receive(UART_HandleTypeDef *huart, uint8_t *pData, uint16_t Size, uint32_t Timeout);
      |                                                               ~~~~~~~~~^~~~~
../Core/Src/main.c:168:51: warning: passing argument 2 of 'HAL_UART_Receive' from incompatible pointer type [-Wincompatible-pointer-types]
  168 |                         HAL_UART_Receive(&huart2, &page_count, 4, -1);
      |                                                   ^~~~~~~~~~~
      |                                                   |
      |                                                   uint32_t * {aka long unsigned int *}
../Drivers/STM32L4xx_HAL_Driver/Inc/stm32l4xx_hal_uart.h:1697:72: note: expected 'uint8_t *' {aka 'unsigned char *'} but argument is of type 'uint32_t *' {aka 'long unsigned int *'}
 1697 | HAL_StatusTypeDef HAL_UART_Receive(UART_HandleTypeDef *huart, uint8_t *pData, uint16_t Size, uint32_t Timeout);
      |                                                               ~~~~~~~~~^~~~~
../Core/Src/main.c:169:51: warning: passing argument 2 of 'HAL_UART_Receive' from incompatible pointer type [-Wincompatible-pointer-types]
  169 |                         HAL_UART_Receive(&huart2, &initial_page, 4, -1);
      |                                                   ^~~~~~~~~~~~~
      |                                                   |
      |                                                   uint32_t * {aka long unsigned int *}
../Drivers/STM32L4xx_HAL_Driver/Inc/stm32l4xx_hal_uart.h:1697:72: note: expected 'uint8_t *' {aka 'unsigned char *'} but argument is of type 'uint32_t *' {aka 'long unsigned int *'}
 1697 | HAL_StatusTypeDef HAL_UART_Receive(UART_HandleTypeDef *huart, uint8_t *pData, uint16_t Size, uint32_t Timeout);
      |                                                               ~~~~~~~~~^~~~~
../Core/Src/main.c:192:51: warning: passing argument 2 of 'HAL_UART_Receive' from incompatible pointer type [-Wincompatible-pointer-types]
  192 |                         HAL_UART_Receive(&huart2, &write_addr, 4, -1);
      |                                                   ^~~~~~~~~~~
      |                                                   |
      |                                                   uint32_t * {aka long unsigned int *}
../Drivers/STM32L4xx_HAL_Driver/Inc/stm32l4xx_hal_uart.h:1697:72: note: expected 'uint8_t *' {aka 'unsigned char *'} but argument is of type 'uint32_t *' {aka 'long unsigned int *'}
 1697 | HAL_StatusTypeDef HAL_UART_Receive(UART_HandleTypeDef *huart, uint8_t *pData, uint16_t Size, uint32_t Timeout);
      |                                                               ~~~~~~~~~^~~~~
../Core/Src/main.c:196:51: warning: passing argument 2 of 'HAL_UART_Receive' from incompatible pointer type [-Wincompatible-pointer-types]
  196 |                         HAL_UART_Receive(&huart2, &file_size, 4, -1);
      |                                                   ^~~~~~~~~~
      |                                                   |
      |                                                   uint32_t * {aka long unsigned int *}
../Drivers/STM32L4xx_HAL_Driver/Inc/stm32l4xx_hal_uart.h:1697:72: note: expected 'uint8_t *' {aka 'unsigned char *'} but argument is of type 'uint32_t *' {aka 'long unsigned int *'}
 1697 | HAL_StatusTypeDef HAL_UART_Receive(UART_HandleTypeDef *huart, uint8_t *pData, uint16_t Size, uint32_t Timeout);
      |                                                               ~~~~~~~~~^~~~~
../Core/Src/main.c:203:51: warning: pointer targets in passing argument 2 of 'HAL_UART_Receive' differ in signedness [-Wpointer-sign]
  203 |                         HAL_UART_Receive(&huart2, bin_file, file_size, -1);
      |                                                   ^~~~~~~~
      |                                                   |
      |                                                   char *
../Drivers/STM32L4xx_HAL_Driver/Inc/stm32l4xx_hal_uart.h:1697:72: note: expected 'uint8_t *' {aka 'unsigned char *'} but argument is of type 'char *'
 1697 | HAL_StatusTypeDef HAL_UART_Receive(UART_HandleTypeDef *huart, uint8_t *pData, uint16_t Size, uint32_t Timeout);
      |                                                               ~~~~~~~~~^~~~~
../Core/Src/main.c:204:46: warning: initialization of 'uint64_t *' {aka 'long long unsigned int *'} from incompatible pointer type 'char *' [-Wincompatible-pointer-types]
  204 |                         uint64_t* file_ptr = bin_file;
      |                                              ^~~~~~~~
../Core/Src/main.c:214:50: warning: unused variable 'err' [-Wunused-variable]
  214 |                                         uint32_t err = HAL_FLASH_GetError();
      |                                                  ^~~
../Core/Src/main.c:228:51: warning: passing argument 2 of 'HAL_UART_Receive' from incompatible pointer type [-Wincompatible-pointer-types]
  228 |                         HAL_UART_Receive(&huart2, &go_addr, 4, -1);
      |                                                   ^~~~~~~~
      |                                                   |
      |                                                   uint32_t * {aka long unsigned int *}
../Drivers/STM32L4xx_HAL_Driver/Inc/stm32l4xx_hal_uart.h:1697:72: note: expected 'uint8_t *' {aka 'unsigned char *'} but argument is of type 'uint32_t *' {aka 'long unsigned int *'}
 1697 | HAL_StatusTypeDef HAL_UART_Receive(UART_HandleTypeDef *huart, uint8_t *pData, uint16_t Size, uint32_t Timeout);
      |                                                               ~~~~~~~~~^~~~~
../Core/Src/main.c:244:55: warning: initialization of 'void (*)(void)' from 'uint32_t' {aka 'long unsigned int'} makes pointer from integer without a cast [-Wint-conversion]
  244 |                         void (*Reset_Handler)(void) = *((uint32_t*) Reset_Handler_addr);
      |                                                       ^
arm-none-eabi-gcc -o "stm32_bootloader.elf" @"objects.list"   -mcpu=cortex-m4 -T"/home/moonflax/Coding/stm32_bootloader/workspace/stm32_bootloader/STM32L476RGTX_FLASH.ld" --specs=nosys.specs -Wl,-Map="stm32_bootloader.map" -Wl,--gc-sections -static --specs=nano.specs -mfpu=fpv4-sp-d16 -mfloat-abi=hard -mthumb -Wl,--start-group -lc -lm -Wl,--end-group
Finished building target: stm32_bootloader.elf
 
arm-none-eabi-size  stm32_bootloader.elf 
arm-none-eabi-objdump -h -S stm32_bootloader.elf  > "stm32_bootloader.list"
   text	   data	    bss	    dec	    hex	filename
  17724	     56	  18120	  35900	   8c3c	stm32_bootloader.elf
Finished building: default.size.stdout
 
Finished building: stm32_bootloader.list
 

01:35:17 Build Finished. 0 errors, 10 warnings. (took 379ms)

